%!Adobe-FontList 1.22
%Locale:0x409

%BeginFont
Handler:DirectoryHandler
FontType:Invalid
OutlineFileName:/Users/joshua/Library/Mobile Documents/com~apple~CloudDocs/Work/Let's Talk IAPT/design/home/Document fonts/AdobeFnt21.lst
FileLength:1427
FileModTime:630778424
%EndFont

%BeginFont
Handler:DirectoryHandler
FontType:Invalid
OutlineFileName:/Users/joshua/Library/Mobile Documents/com~apple~CloudDocs/Work/Let's Talk IAPT/design/home/Document fonts/AdobeFnt22.lst
FileLength:1540
FileModTime:632263926
%EndFont

%BeginFont
Handler:DirectoryHandler
FontType:TrueType
FontName:Arial-BoldMT
FamilyName:Arial
StyleName:Bold
MenuName:Arial
StyleBits:2
WeightClass:700
WidthClass:5
AngleClass:0
FullName:Arial Bold
WritingScript:Roman
OutlineFileName:/Users/joshua/Library/Mobile Documents/com~apple~CloudDocs/Work/Let's Talk IAPT/design/home/Document fonts/Arial Bold.ttf
DataFormat:sfntData
hasSVG:no
VariableFontType:NonVariableFont
FileLength:751104
FileModTime:373795200
NameArray:0,Mac,4,Arial Bold
NameArray:0,Win,1,Arial
%EndFont

%BeginFont
Handler:DirectoryHandler
FontType:TrueType
FontName:ArialMT
FamilyName:Arial
StyleName:Regular
MenuName:Arial
StyleBits:0
WeightClass:400
WidthClass:5
AngleClass:0
FullName:Arial
WritingScript:Roman
OutlineFileName:/Users/joshua/Library/Mobile Documents/com~apple~CloudDocs/Work/Let's Talk IAPT/design/home/Document fonts/Arial.ttf
DataFormat:sfntData
hasSVG:no
VariableFontType:NonVariableFont
FileLength:774476
FileModTime:373795200
NameArray:0,Mac,4,Arial
NameArray:0,Win,1,Arial
%EndFont

